2026-06-27 19:25:55, MOVE, v:1, k:fup@troco, mode:PICK
2026-06-27 19:25:56, EXEC, v:1, k:fup@troco, mode:FULL, size:14, fail:COMP
2026-06-27 19:26:23, EXEC, v:1, k:fup@troco, mode:FULL, rate:100, size:35
2026-06-27 19:26:20, MOVE, v:1, k:fup@troco, mode:EDIT
2026-06-27 19:26:23, MOVE, v:1, k:fup@troco, mode:EDIT
2026-06-27 19:26:54, MOVE, v:1, k:fup@troco, mode:BACK
2026-06-27 19:27:04, MOVE, v:1, k:fup@parkour, mode:DOWN
2026-06-27 19:27:05, MOVE, v:1, k:fup@parkour, mode:PICK
2026-06-27 19:27:08, EXEC, v:1, k:fup@parkour, mode:FULL, rate:0, size:5
2026-06-27 19:27:34, EXEC, v:1, k:fup@parkour, mode:FULL, size:46, fail:COMP
2026-06-27 19:27:40, EXEC, v:1, k:fup@parkour, mode:FULL, rate:100, size:46
2026-06-27 19:28:07, EXEC, v:1, k:fup@parkour, mode:FULL, rate:100, size:28
2026-06-27 19:28:11, MOVE, v:1, k:fup@parkour, mode:BACK
2026-06-27 19:29:27, MOVE, v:1, k:fup@exemplares, mode:DOWN
2026-06-27 19:29:27, MOVE, v:1, k:fup@exemplares, mode:PICK
2026-06-27 19:29:30, EXEC, v:1, k:fup@exemplares, mode:FULL, rate:0, size:5
2026-06-27 19:29:33, MOVE, v:1, k:fup@exemplares, mode:BACK
2026-06-27 19:29:39, MOVE, v:1, k:fup@jedi, mode:DOWN
2026-06-27 19:29:39, MOVE, v:1, k:fup@jedi, mode:PICK
2026-06-27 19:29:41, EXEC, v:1, k:fup@jedi, mode:FULL, rate:0, size:5
2026-06-27 19:30:37, EXEC, v:1, k:fup@jedi, mode:FULL, rate:100, size:32
2026-06-27 19:30:43, EXEC, v:1, k:fup@jedi, mode:FULL, rate:100
2026-06-27 19:30:45, MOVE, v:1, k:fup@jedi, mode:BACK
2026-06-27 19:27:04, MOVE, v:1, k:fup@parkour, mode:EDIT
2026-06-27 19:27:04, MOVE, v:1, k:fup@parkour, mode:EDIT
2026-06-27 19:27:04, MOVE, v:1, k:fup@parkour, mode:EDIT
2026-06-27 19:28:07, MOVE, v:1, k:fup@parkour, mode:EDIT
2026-06-27 19:28:07, MOVE, v:1, k:fup@parkour, mode:EDIT
2026-06-27 19:29:27, MOVE, v:1, k:fup@exemplares, mode:EDIT
2026-06-27 19:29:27, MOVE, v:1, k:fup@exemplares, mode:EDIT
2026-06-27 19:29:27, MOVE, v:1, k:fup@exemplares, mode:EDIT
2026-06-27 19:29:30, MOVE, v:1, k:fup@exemplares, mode:EDIT
2026-06-27 19:29:39, MOVE, v:1, k:fup@jedi, mode:EDIT
2026-06-27 19:29:39, MOVE, v:1, k:fup@jedi, mode:EDIT
2026-06-27 19:29:39, MOVE, v:1, k:fup@jedi, mode:EDIT
2026-06-27 19:29:53, MOVE, v:1, k:fup@jedi, mode:EDIT
2026-06-27 19:30:43, MOVE, v:1, k:fup@jedi, mode:EDIT
2026-06-27 19:32:34, MOVE, v:1, k:fup@substring, mode:PICK
2026-06-27 19:32:35, EXEC, v:1, k:fup@substring, mode:FULL, rate:71
2026-06-27 19:34:59, EXEC, v:1, k:fup@substring, mode:FULL, size:30, fail:COMP
2026-06-27 19:35:10, EXEC, v:1, k:fup@substring, mode:FULL, size:28, fail:COMP
2026-06-27 19:32:35, MOVE, v:1, k:fup@substring, mode:EDIT
2026-06-27 19:33:51, MOVE, v:1, k:fup@substring, mode:EDIT
2026-06-27 19:36:11, MOVE, v:1, k:fup@substring, mode:EDIT
2026-06-27 19:37:05, EXEC, v:1, k:fup@substring, mode:FULL, rate:71, size:22
2026-06-27 19:38:23, EXEC, v:1, k:fup@substring, mode:FULL, size:35, fail:COMP
2026-06-27 19:38:32, EXEC, v:1, k:fup@substring, mode:FULL, size:35, fail:COMP
2026-06-27 19:38:45, EXEC, v:1, k:fup@substring, mode:FULL, size:33, fail:COMP
2026-06-27 19:39:07, EXEC, v:1, k:fup@substring, mode:FULL, size:33, fail:COMP
2026-06-27 19:39:20, EXEC, v:1, k:fup@substring, mode:FULL, rate:0, size:32
2026-06-27 19:39:30, EXEC, v:1, k:fup@substring, mode:FULL, rate:71, size:22
2026-06-27 19:39:33, MOVE, v:1, k:fup@substring, mode:BACK
2026-06-27 19:39:46, MOVE, v:1, k:fup@ru, mode:DOWN
2026-06-27 19:39:47, MOVE, v:1, k:fup@ru, mode:PICK
2026-06-27 19:39:49, EXEC, v:1, k:fup@ru, mode:FULL, rate:0, size:5
2026-06-27 19:40:39, EXEC, v:1, k:fup@ru, mode:FULL, rate:100, size:31
2026-06-27 19:40:44, MOVE, v:1, k:fup@ru, mode:BACK
2026-06-27 19:40:49, MOVE, v:1, k:fup@ru, mode:PICK
2026-06-27 19:40:50, EXEC, v:1, k:fup@ru, mode:FULL, rate:100
2026-06-27 19:39:28, MOVE, v:1, k:fup@substring, mode:EDIT
2026-06-27 19:39:30, MOVE, v:1, k:fup@substring, mode:EDIT
2026-06-27 19:39:46, MOVE, v:1, k:fup@ru, mode:EDIT
2026-06-27 19:39:46, MOVE, v:1, k:fup@ru, mode:EDIT
2026-06-27 19:39:46, MOVE, v:1, k:fup@ru, mode:EDIT
2026-06-27 19:40:50, MOVE, v:1, k:fup@ru, mode:EDIT
2026-06-27 19:40:38, MOVE, v:1, k:fup@ru, mode:EDIT
2026-06-27 19:45:48, EXEC, v:1, k:fup@ru, mode:FULL, rate:100
2026-06-27 19:45:48, MOVE, v:1, k:fup@ru, mode:EDIT
2026-06-27 19:46:55, MOVE, v:1, k:fup@ru, mode:BACK
2026-06-27 19:47:46, SELF, v:1, k:fup@jedi, self:1, rate:100, friend:hanna, guided:1
2026-06-27 19:47:47, MOVE, v:1, k:fup@jedi, mode:PICK
2026-06-27 19:47:49, MOVE, v:1, k:fup@jedi, mode:BACK
2026-06-27 19:48:05, SELF, v:1, k:fup@parkour, self:1, rate:100, guided:1
2026-06-27 19:48:21, SELF, v:1, k:fup@troco, self:1, rate:100, guided:1
2026-06-27 19:48:42, SELF, v:1, k:fup@troco, self:1, rate:100
2026-06-27 19:49:50, SELF, v:1, k:fup@ru, self:1, rate:100
2026-06-27 19:50:08, SELF, v:1, k:fup@substring, self:1, rate:71
