2026-05-10 18:38:36, MOVE, v:1, k:fup@colorido, mode:DOWN
2026-05-10 18:38:37, MOVE, v:1, k:fup@colorido, mode:PICK
2026-05-10 18:38:39, EXEC, v:1, k:fup@colorido, mode:FULL, rate:0, size:5
2026-05-10 18:38:36, MOVE, v:1, k:fup@colorido, mode:EDIT
2026-05-10 18:38:36, MOVE, v:1, k:fup@colorido, mode:EDIT
2026-05-10 18:38:36, MOVE, v:1, k:fup@colorido, mode:EDIT
2026-05-10 18:38:38, MOVE, v:1, k:fup@colorido, mode:EDIT
2026-05-10 18:43:43, EXEC, v:1, k:fup@colorido, mode:FULL, rate:0, size:22
2026-05-10 18:47:44, MOVE, v:1, k:fup@colorido, mode:EDIT
2026-05-10 18:43:43, MOVE, v:1, k:fup@colorido, mode:EDIT
2026-05-10 18:48:29, EXEC, v:1, k:fup@colorido, mode:FULL, rate:16, size:24
2026-05-10 18:48:23, MOVE, v:1, k:fup@colorido, mode:EDIT
2026-05-10 18:48:29, MOVE, v:1, k:fup@colorido, mode:EDIT
2026-05-10 18:57:28, EXEC, v:1, k:fup@colorido, mode:FULL, rate:16, size:24
2026-05-10 18:57:17, MOVE, v:1, k:fup@colorido, mode:EDIT
2026-05-10 18:57:28, MOVE, v:1, k:fup@colorido, mode:EDIT
2026-05-10 19:00:48, EXEC, v:1, k:fup@colorido, mode:FULL, size:26, fail:COMP
2026-05-10 19:01:26, EXEC, v:1, k:fup@colorido, mode:FULL, rate:16, size:25
2026-05-10 19:01:24, MOVE, v:1, k:fup@colorido, mode:EDIT
2026-05-10 19:01:26, MOVE, v:1, k:fup@colorido, mode:EDIT
2026-05-10 19:02:52, MOVE, v:1, k:fup@colorido, mode:BACK
2026-05-10 19:03:03, MOVE, v:1, k:fup@concentra, mode:DOWN
2026-05-10 19:03:04, MOVE, v:1, k:fup@concentra, mode:PICK
2026-05-10 19:03:05, EXEC, v:1, k:fup@concentra, mode:FULL, rate:0, size:5
2026-05-10 19:03:08, MOVE, v:1, k:fup@concentra, mode:BACK
2026-05-10 19:03:10, MOVE, v:1, k:fup@concentra, mode:PICK
2026-05-10 19:03:11, EXEC, v:1, k:fup@concentra, mode:FULL, rate:0
2026-05-10 19:03:12, EXEC, v:1, k:fup@concentra, mode:FULL, rate:0
2026-05-10 19:04:29, MOVE, v:1, k:fup@concentra, mode:BACK
2026-05-10 19:04:43, MOVE, v:1, k:fup@ceu, mode:PICK
2026-05-10 19:04:46, EXEC, v:1, k:fup@ceu, mode:FULL, rate:100
2026-05-10 19:04:47, MOVE, v:1, k:fup@ceu, mode:BACK
2026-05-10 19:04:55, MOVE, v:1, k:fup@sapatos, mode:PICK
2026-05-10 19:04:56, EXEC, v:1, k:fup@sapatos, mode:FULL, rate:100
2026-05-10 19:04:57, MOVE, v:1, k:fup@sapatos, mode:BACK
2026-05-10 19:05:03, MOVE, v:1, k:fup@filhos, mode:PICK
2026-05-10 19:05:03, EXEC, v:1, k:fup@filhos, mode:FULL, rate:100
2026-05-10 19:05:04, EXEC, v:1, k:fup@filhos, mode:FULL, rate:100
2026-05-10 19:05:06, MOVE, v:1, k:fup@filhos, mode:BACK
2026-05-10 19:05:11, MOVE, v:1, k:fup@loop_iv, mode:PICK
2026-05-10 19:05:11, EXEC, v:1, k:fup@loop_iv, mode:FULL, rate:100
2026-05-10 19:05:13, MOVE, v:1, k:fup@loop_iv, mode:BACK
2026-05-10 19:05:27, MOVE, v:1, k:fup@bhaskara, mode:PICK
2026-05-10 19:05:28, EXEC, v:1, k:fup@bhaskara, mode:FULL, rate:100, size:33
2026-05-10 19:05:29, MOVE, v:1, k:fup@bhaskara, mode:BACK
2026-05-10 19:05:34, MOVE, v:1, k:fup@drone, mode:PICK
2026-05-10 19:05:35, EXEC, v:1, k:fup@drone, mode:FULL, rate:100
2026-05-10 19:05:37, MOVE, v:1, k:fup@drone, mode:BACK
2026-05-10 19:06:01, MOVE, v:1, k:fup@goiabas, mode:DOWN
2026-05-10 19:06:02, MOVE, v:1, k:fup@goiabas, mode:PICK
2026-05-10 19:06:03, EXEC, v:1, k:fup@goiabas, mode:FULL, rate:0, size:5
2026-05-10 19:06:04, MOVE, v:1, k:fup@goiabas, mode:BACK
2026-05-10 19:06:06, MOVE, v:1, k:fup@goiabas, mode:PICK
2026-05-10 19:06:07, EXEC, v:1, k:fup@goiabas, mode:FULL, rate:0
2026-05-10 19:03:03, MOVE, v:1, k:fup@concentra, mode:EDIT
2026-05-10 19:03:03, MOVE, v:1, k:fup@concentra, mode:EDIT
2026-05-10 19:03:12, MOVE, v:1, k:fup@concentra, mode:EDIT
2026-05-10 19:04:46, MOVE, v:1, k:fup@ceu, mode:EDIT
2026-05-10 19:04:56, MOVE, v:1, k:fup@sapatos, mode:EDIT
2026-05-10 19:05:04, MOVE, v:1, k:fup@filhos, mode:EDIT
2026-05-10 19:05:11, MOVE, v:1, k:fup@loop_iv, mode:EDIT
2026-05-10 19:05:28, MOVE, v:1, k:fup@bhaskara, mode:EDIT
2026-05-10 19:05:35, MOVE, v:1, k:fup@drone, mode:EDIT
2026-05-10 19:06:01, MOVE, v:1, k:fup@goiabas, mode:EDIT
2026-05-10 19:06:01, MOVE, v:1, k:fup@goiabas, mode:EDIT
2026-05-10 19:06:01, MOVE, v:1, k:fup@goiabas, mode:EDIT
2026-05-10 19:06:07, MOVE, v:1, k:fup@goiabas, mode:EDIT
2026-05-10 19:12:41, MOVE, v:1, k:fup@goiabas, mode:EDIT
2026-05-10 19:13:06, EXEC, v:1, k:fup@goiabas, mode:FULL, size:12, fail:COMP
2026-05-10 19:13:15, EXEC, v:1, k:fup@goiabas, mode:FULL, size:12, fail:COMP
2026-05-10 19:13:26, EXEC, v:1, k:fup@goiabas, mode:FULL, rate:0, size:12
2026-05-10 19:13:45, EXEC, v:1, k:fup@goiabas, mode:FULL, rate:100, size:12
2026-05-10 19:13:51, MOVE, v:1, k:fup@goiabas, mode:BACK
2026-05-10 19:13:59, SELF, v:1, k:fup@goiabas, self:1, rate:100
2026-05-10 19:14:13, MOVE, v:1, k:fup@game10, mode:DOWN
2026-05-10 19:14:14, MOVE, v:1, k:fup@game10, mode:PICK
2026-05-10 19:14:15, EXEC, v:1, k:fup@game10, mode:FULL, rate:0, size:5
2026-05-10 19:14:17, MOVE, v:1, k:fup@game10, mode:BACK
2026-05-10 19:14:18, MOVE, v:1, k:fup@game10, mode:PICK
2026-05-10 19:14:19, EXEC, v:1, k:fup@game10, mode:FULL, rate:0
2026-05-10 19:13:43, MOVE, v:1, k:fup@goiabas, mode:EDIT
2026-05-10 19:13:45, MOVE, v:1, k:fup@goiabas, mode:EDIT
2026-05-10 19:14:13, MOVE, v:1, k:fup@game10, mode:EDIT
2026-05-10 19:14:13, MOVE, v:1, k:fup@game10, mode:EDIT
2026-05-10 19:14:19, MOVE, v:1, k:fup@game10, mode:EDIT
2026-05-10 19:20:03, MOVE, v:1, k:fup@game10, mode:EDIT
2026-05-10 19:22:45, MOVE, v:1, k:fup@game10, mode:EDIT
2026-05-10 19:23:43, EXEC, v:1, k:fup@game10, mode:FULL, rate:100, size:12
2026-05-10 19:23:49, MOVE, v:1, k:fup@game10, mode:BACK
2026-05-10 19:23:41, MOVE, v:1, k:fup@game10, mode:EDIT
2026-05-10 19:23:43, MOVE, v:1, k:fup@game10, mode:EDIT
2026-05-10 19:28:02, SELF, v:1, k:fup@game10, self:1, rate:100
2026-05-10 19:41:42, MOVE, v:1, k:fup@teleferico, mode:PICK
2026-05-10 19:41:53, MOVE, v:1, k:fup@teleferico, mode:BACK
2026-05-10 19:43:21, MOVE, v:1, k:fup@jokenpo, mode:DOWN
2026-05-10 19:43:22, MOVE, v:1, k:fup@jokenpo, mode:PICK
2026-05-10 19:43:24, EXEC, v:1, k:fup@jokenpo, mode:FULL, rate:0, size:5
2026-05-10 19:43:21, MOVE, v:1, k:fup@jokenpo, mode:EDIT
2026-05-10 19:43:21, MOVE, v:1, k:fup@jokenpo, mode:EDIT
2026-05-10 19:46:28, MOVE, v:1, k:fup@jokenpo, mode:EDIT
2026-05-10 19:43:24, MOVE, v:1, k:fup@jokenpo, mode:EDIT
2026-05-10 19:51:14, EXEC, v:1, k:fup@jokenpo, mode:FULL, size:14, fail:COMP
2026-05-10 19:51:23, EXEC, v:1, k:fup@jokenpo, mode:FULL, rate:0, size:14
2026-05-10 19:51:22, MOVE, v:1, k:fup@jokenpo, mode:EDIT
2026-05-10 19:51:22, MOVE, v:1, k:fup@jokenpo, mode:EDIT
2026-05-10 19:52:01, EXEC, v:1, k:fup@jokenpo, mode:FULL, rate:37, size:16
2026-05-10 19:52:41, EXEC, v:1, k:fup@jokenpo, mode:FULL, rate:37, size:16
2026-05-10 19:53:00, EXEC, v:1, k:fup@jokenpo, mode:FULL, rate:37, size:16
2026-05-10 19:53:19, EXEC, v:1, k:fup@jokenpo, mode:FULL, rate:37, size:16
2026-05-10 19:54:28, EXEC, v:1, k:fup@jokenpo, mode:FULL, rate:37, size:16
2026-05-10 19:54:59, EXEC, v:1, k:fup@jokenpo, mode:FULL, rate:37, size:16
2026-05-10 19:56:27, MOVE, v:1, k:fup@jokenpo, mode:EDIT
2026-05-10 19:54:59, MOVE, v:1, k:fup@jokenpo, mode:EDIT
2026-05-10 19:58:38, EXEC, v:1, k:fup@jokenpo, mode:FULL, rate:37, size:15
2026-05-10 19:59:10, EXEC, v:1, k:fup@jokenpo, mode:FULL, rate:37, size:15
2026-05-10 20:00:27, EXEC, v:1, k:fup@jokenpo, mode:FULL, size:17, fail:COMP
2026-05-10 20:01:30, MOVE, v:1, k:fup@jokenpo, mode:EDIT
2026-05-10 19:59:10, MOVE, v:1, k:fup@jokenpo, mode:EDIT
2026-05-10 20:02:05, EXEC, v:1, k:fup@jokenpo, mode:FULL, rate:37, size:17
2026-05-10 20:04:44, EXEC, v:1, k:fup@jokenpo, mode:FULL, rate:62, size:19
2026-05-10 20:06:23, MOVE, v:1, k:fup@jokenpo, mode:EDIT
2026-05-10 20:04:44, MOVE, v:1, k:fup@jokenpo, mode:EDIT
2026-05-10 20:06:32, EXEC, v:1, k:fup@jokenpo, mode:FULL, rate:62, size:20
2026-05-10 20:08:01, EXEC, v:1, k:fup@jokenpo, mode:FULL, rate:62, size:20
2026-05-10 20:09:13, EXEC, v:1, k:fup@jokenpo, mode:FULL, size:23, fail:COMP
2026-05-10 20:10:01, EXEC, v:1, k:fup@jokenpo, mode:FULL, size:23, fail:COMP
2026-05-10 20:10:43, EXEC, v:1, k:fup@jokenpo, mode:FULL, rate:37, size:23
2026-05-10 20:10:41, MOVE, v:1, k:fup@jokenpo, mode:EDIT
2026-05-10 20:10:43, MOVE, v:1, k:fup@jokenpo, mode:EDIT
2026-05-10 20:13:46, EXEC, v:1, k:fup@jokenpo, mode:FULL, rate:37, size:23
2026-05-10 20:14:12, EXEC, v:1, k:fup@jokenpo, mode:FULL, rate:100, size:23
2026-05-10 20:14:38, MOVE, v:1, k:fup@jokenpo, mode:BACK
2026-05-10 20:14:57, SELF, v:1, k:fup@jokenpo, self:1, rate:100
2026-05-10 20:15:20, MOVE, v:1, k:fup@colorido, mode:PICK
2026-05-10 20:15:22, EXEC, v:1, k:fup@colorido, mode:FULL, rate:16
2026-05-10 20:15:24, MOVE, v:1, k:fup@colorido, mode:BACK
2026-05-10 20:16:11, MOVE, v:1, k:fup@cobra, mode:DOWN
2026-05-10 20:16:12, MOVE, v:1, k:fup@cobra, mode:PICK
2026-05-10 20:16:13, EXEC, v:1, k:fup@cobra, mode:FULL, rate:0, size:5
2026-05-10 20:14:11, MOVE, v:1, k:fup@jokenpo, mode:EDIT
2026-05-10 20:14:12, MOVE, v:1, k:fup@jokenpo, mode:EDIT
2026-05-10 20:15:21, MOVE, v:1, k:fup@colorido, mode:EDIT
2026-05-10 20:16:11, MOVE, v:1, k:fup@cobra, mode:EDIT
2026-05-10 20:16:11, MOVE, v:1, k:fup@cobra, mode:EDIT
2026-05-10 20:16:11, MOVE, v:1, k:fup@cobra, mode:EDIT
2026-05-10 20:16:13, MOVE, v:1, k:fup@cobra, mode:EDIT
2026-05-10 20:16:44, MOVE, v:1, k:fup@cobra, mode:BACK
