2026-05-03 16:39:58, MOVE, v:1, k:fup@varetas, mode:DOWN
2026-05-03 16:39:59, MOVE, v:1, k:fup@varetas, mode:PICK
2026-05-03 16:42:16, MOVE, v:1, k:fup@varetas, mode:PICK
2026-05-03 16:42:19, EXEC, v:1, k:fup@varetas, mode:FULL, rate:0, size:5
2026-05-03 16:42:18, MOVE, v:1, k:fup@varetas, mode:EDIT
2026-05-03 16:47:02, MOVE, v:1, k:fup@varetas, mode:EDIT
2026-05-03 16:47:45, EXEC, v:1, k:fup@varetas, mode:FULL, rate:0, size:12
2026-05-03 16:48:32, EXEC, v:1, k:fup@varetas, mode:FULL, size:12, fail:COMP
2026-05-03 16:48:44, EXEC, v:1, k:fup@varetas, mode:FULL, rate:0, size:12
2026-05-03 16:49:41, EXEC, v:1, k:fup@varetas, mode:FULL, rate:100, size:12
2026-05-03 16:50:11, MOVE, v:1, k:fup@varetas, mode:BACK
2026-05-03 16:50:21, SELF, v:1, k:fup@varetas, self:1, rate:100
2026-05-03 16:52:00, MOVE, v:1, k:fup@monica, mode:PICK
2026-05-03 16:52:01, EXEC, v:1, k:fup@monica, mode:FULL, size:15, fail:COMP
2026-05-03 16:49:38, MOVE, v:1, k:fup@varetas, mode:EDIT
2026-05-03 16:49:40, MOVE, v:1, k:fup@varetas, mode:EDIT
2026-05-03 16:52:32, EXEC, v:1, k:fup@monica, mode:FULL, rate:0, size:15
2026-05-03 16:52:54, EXEC, v:1, k:fup@monica, mode:FULL, rate:0, size:15
2026-05-03 16:53:17, EXEC, v:1, k:fup@monica, mode:FULL, rate:0, size:15
2026-05-03 16:56:14, EXEC, v:1, k:fup@monica, mode:FULL, rate:0, size:15
2026-05-03 16:57:00, EXEC, v:1, k:fup@monica, mode:FULL, rate:0, size:15
2026-05-03 16:56:58, MOVE, v:1, k:fup@monica, mode:EDIT
2026-05-03 16:56:59, MOVE, v:1, k:fup@monica, mode:EDIT
2026-05-03 16:57:09, EXEC, v:1, k:fup@monica, mode:FULL, rate:0, size:15
2026-05-03 16:57:25, EXEC, v:1, k:fup@monica, mode:FULL, rate:0, size:15
2026-05-03 16:57:34, EXEC, v:1, k:fup@monica, mode:FULL, rate:0, size:15
2026-05-03 16:58:22, EXEC, v:1, k:fup@monica, mode:FULL, rate:0, size:15
2026-05-03 16:58:25, EXEC, v:1, k:fup@monica, mode:FULL, rate:0
2026-05-03 16:58:51, EXEC, v:1, k:fup@monica, mode:FULL, rate:0, size:15
2026-05-03 16:59:12, EXEC, v:1, k:fup@monica, mode:FULL, rate:0, size:15
2026-05-03 16:59:32, EXEC, v:1, k:fup@monica, mode:FULL, rate:37, size:15
2026-05-03 17:00:04, EXEC, v:1, k:fup@monica, mode:FULL, rate:37, size:15
2026-05-03 17:00:27, EXEC, v:1, k:fup@monica, mode:FULL, rate:100, size:15
2026-05-03 17:00:54, MOVE, v:1, k:fup@monica, mode:BACK
2026-05-03 17:01:01, SELF, v:1, k:fup@monica, self:1, rate:100
2026-05-03 17:01:26, MOVE, v:1, k:fup@drone, mode:PICK
2026-05-03 17:01:27, EXEC, v:1, k:fup@drone, mode:FULL, rate:100, size:14
2026-05-03 17:01:29, MOVE, v:1, k:fup@drone, mode:BACK
2026-05-03 17:00:26, MOVE, v:1, k:fup@monica, mode:EDIT
2026-05-03 17:00:27, MOVE, v:1, k:fup@monica, mode:EDIT
2026-05-03 17:01:27, MOVE, v:1, k:fup@drone, mode:EDIT
