2026-04-28 16:44:36, MOVE, v:1, k:sandbox@user_002, mode:PICK
2026-04-28 16:44:36, EXEC, v:1, k:sandbox@user_002, mode:FULL, fail:COMP
2026-04-28 16:45:00, EXEC, v:1, k:sandbox@user_002, mode:FULL, size:71, fail:COMP
2026-04-28 16:45:03, EXEC, v:1, k:sandbox@user_002, mode:FULL, fail:COMP
2026-04-28 16:45:03, EXEC, v:1, k:sandbox@user_002, mode:FULL, fail:COMP
2026-04-28 16:45:49, EXEC, v:1, k:sandbox@user_002, mode:FULL, size:70, fail:COMP
2026-04-28 16:46:17, EXEC, v:1, k:sandbox@user_002, mode:LOCK, rate:0, size:70
2026-04-28 16:46:17, MOVE, v:1, k:sandbox@user_002, mode:EDIT
2026-04-28 16:46:17, MOVE, v:1, k:sandbox@user_002, mode:EDIT
2026-04-28 17:04:16, MOVE, v:1, k:sandbox@user_002, mode:BACK
2026-04-28 17:04:50, MOVE, v:1, k:fup@pares, mode:PICK
2026-04-28 17:04:52, EXEC, v:1, k:fup@pares, mode:FULL, rate:100
2026-04-28 17:04:52, MOVE, v:1, k:fup@pares, mode:EDIT
2026-04-28 17:12:45, MOVE, v:1, k:fup@pares, mode:BACK
2026-04-28 17:13:25, MOVE, v:1, k:fup@loop_iv, mode:DOWN
2026-04-28 17:13:25, MOVE, v:1, k:fup@loop_iv, mode:PICK
2026-04-28 17:13:26, EXEC, v:1, k:fup@loop_iv, mode:FULL, rate:0, size:5
2026-04-28 17:13:25, MOVE, v:1, k:fup@loop_iv, mode:EDIT
2026-04-28 17:13:25, MOVE, v:1, k:fup@loop_iv, mode:EDIT
2026-04-28 17:13:25, MOVE, v:1, k:fup@loop_iv, mode:EDIT
2026-04-28 17:13:26, MOVE, v:1, k:fup@loop_iv, mode:EDIT
2026-04-28 17:18:14, EXEC, v:1, k:fup@loop_iv, mode:FULL, rate:100, size:17
2026-04-28 17:18:21, MOVE, v:1, k:fup@loop_iv, mode:BACK
2026-04-28 17:18:32, SELF, v:1, k:fup@loop_iv, self:1, rate:100
2026-04-28 17:18:42, MOVE, v:1, k:fup@loop_v, mode:PICK
2026-04-28 17:18:43, EXEC, v:1, k:fup@loop_v, mode:FULL, rate:100
2026-04-28 17:18:49, MOVE, v:1, k:fup@loop_v, mode:BACK
2026-04-28 17:18:58, SELF, v:1, k:fup@loop_v, self:1, rate:100
2026-04-28 17:18:10, MOVE, v:1, k:fup@loop_iv, mode:EDIT
2026-04-28 17:18:14, MOVE, v:1, k:fup@loop_iv, mode:EDIT
2026-04-28 17:18:43, MOVE, v:1, k:fup@loop_v, mode:EDIT
2026-04-28 18:02:22, MOVE, v:1, k:fup@monica, mode:DOWN
2026-04-28 18:02:23, MOVE, v:1, k:fup@monica, mode:PICK
2026-04-28 18:02:26, EXEC, v:1, k:fup@monica, mode:FULL, rate:0, size:5
2026-04-28 18:02:37, MOVE, v:1, k:fup@monica, mode:BACK
2026-04-28 18:02:43, MOVE, v:1, k:fup@cortada, mode:PICK
2026-04-28 18:04:10, MOVE, v:1, k:fup@cortada, mode:PICK
2026-04-28 18:04:11, EXEC, v:1, k:fup@cortada, mode:FULL, rate:0
2026-04-28 18:08:46, EXEC, v:1, k:fup@cortada, mode:FULL, rate:100, size:17
2026-04-28 18:08:49, MOVE, v:1, k:fup@cortada, mode:BACK
2026-04-28 18:08:55, SELF, v:1, k:fup@cortada, self:1, rate:100
2026-04-28 18:08:45, MOVE, v:1, k:fup@cortada, mode:EDIT
2026-04-28 18:08:42, MOVE, v:1, k:fup@cortada, mode:EDIT
2026-04-28 18:09:31, MOVE, v:1, k:fup@drone, mode:PICK
2026-04-28 18:09:32, EXEC, v:1, k:fup@drone, mode:FULL, rate:0, size:5
2026-04-28 18:09:32, MOVE, v:1, k:fup@drone, mode:EDIT
2026-04-28 18:13:53, MOVE, v:1, k:fup@drone, mode:EDIT
2026-04-28 18:14:00, EXEC, v:1, k:fup@drone, mode:FULL, rate:100, size:13
2026-04-28 18:14:05, MOVE, v:1, k:fup@drone, mode:BACK
2026-04-28 18:14:14, SELF, v:1, k:fup@drone, self:1, rate:100
2026-04-28 18:13:59, MOVE, v:1, k:fup@drone, mode:EDIT
2026-04-28 18:14:00, MOVE, v:1, k:fup@drone, mode:EDIT
2026-04-28 18:19:37, MOVE, v:1, k:fup@monica, mode:PICK
2026-04-28 18:19:38, EXEC, v:1, k:fup@monica, mode:FULL, rate:0
2026-04-28 18:22:50, EXEC, v:1, k:fup@monica, mode:FULL, rate:0, size:14
2026-04-28 18:23:25, EXEC, v:1, k:fup@monica, mode:FULL, rate:0, size:14
2026-04-28 18:19:35, MOVE, v:1, k:fup@drone, mode:EDIT
2026-04-28 18:23:25, MOVE, v:1, k:fup@monica, mode:EDIT
2026-04-28 18:23:24, MOVE, v:1, k:fup@monica, mode:EDIT
2026-04-28 18:25:03, EXEC, v:1, k:fup@monica, mode:FULL, size:15, fail:COMP
2026-04-28 18:25:15, EXEC, v:1, k:fup@monica, mode:FULL, size:15, fail:COMP
2026-04-28 18:25:31, EXEC, v:1, k:fup@monica, mode:FULL, rate:0, size:15
2026-04-28 18:26:11, EXEC, v:1, k:fup@monica, mode:FULL, rate:0, size:15
2026-04-28 18:26:37, EXEC, v:1, k:fup@monica, mode:FULL, rate:0, size:15
2026-04-28 18:27:23, MOVE, v:1, k:fup@monica, mode:BACK
