2026-07-06 18:57:39, MOVE, v:1, k:fup@antimateria, mode:DOWN
2026-07-06 18:57:39, MOVE, v:1, k:fup@antimateria, mode:PICK
2026-07-06 18:57:43, EXEC, v:1, k:fup@antimateria, mode:FULL, rate:0, size:5
2026-07-06 18:57:39, MOVE, v:1, k:fup@antimateria, mode:EDIT
2026-07-06 18:57:39, MOVE, v:1, k:fup@antimateria, mode:EDIT
2026-07-06 18:57:39, MOVE, v:1, k:fup@antimateria, mode:EDIT
2026-07-06 18:57:43, MOVE, v:1, k:fup@antimateria, mode:EDIT
2026-07-06 18:58:55, MOVE, v:1, k:fup@antimateria, mode:EDIT
2026-07-06 19:00:53, EXEC, v:1, k:fup@antimateria, mode:FULL, size:24, fail:COMP
2026-07-06 19:01:15, EXEC, v:1, k:fup@antimateria, mode:FULL, rate:50, size:24
2026-07-06 19:01:36, MOVE, v:1, k:fup@antimateria, mode:EDIT
2026-07-06 19:01:15, MOVE, v:1, k:fup@antimateria, mode:EDIT
2026-07-06 19:08:13, EXEC, v:1, k:fup@antimateria, mode:FULL, rate:50, size:24
2026-07-06 19:08:15, EXEC, v:1, k:fup@antimateria, mode:FULL, rate:50
2026-07-06 19:08:30, EXEC, v:1, k:fup@antimateria, mode:FULL, rate:50, size:24
2026-07-06 19:08:51, EXEC, v:1, k:fup@antimateria, mode:FULL, rate:50, size:24
2026-07-06 19:09:08, EXEC, v:1, k:fup@antimateria, mode:FULL, rate:50, size:24
2026-07-06 19:09:23, MOVE, v:1, k:fup@antimateria, mode:BACK
2026-07-06 19:09:54, MOVE, v:1, k:fup@antimateria, mode:PICK
2026-07-06 19:09:55, EXEC, v:1, k:fup@antimateria, mode:FULL, rate:50
2026-07-06 19:09:58, MOVE, v:1, k:fup@antimateria, mode:BACK
2026-07-06 19:10:09, SELF, v:1, k:fup@antimateria, self:1, rate:50
2026-07-06 19:09:54, MOVE, v:1, k:fup@antimateria, mode:EDIT
2026-07-06 19:09:07, MOVE, v:1, k:fup@antimateria, mode:EDIT
2026-07-06 19:10:19, MOVE, v:1, k:fup@antimateria, mode:PICK
2026-07-06 19:10:20, EXEC, v:1, k:fup@antimateria, mode:FULL, rate:50
2026-07-06 19:14:23, EXEC, v:1, k:fup@antimateria, mode:FULL, rate:50, size:23
2026-07-06 19:14:23, MOVE, v:1, k:fup@antimateria, mode:EDIT
2026-07-06 19:14:22, MOVE, v:1, k:fup@antimateria, mode:EDIT
2026-07-06 19:15:45, EXEC, v:1, k:fup@antimateria, mode:FULL, rate:50, size:23
2026-07-06 19:16:20, EXEC, v:1, k:fup@antimateria, mode:FULL, rate:100, size:33
2026-07-06 19:16:26, MOVE, v:1, k:fup@antimateria, mode:BACK
2026-07-06 19:16:32, SELF, v:1, k:fup@antimateria, self:1, rate:100
2026-07-06 19:18:58, MOVE, v:1, k:fup@torre, mode:PICK
2026-07-06 19:19:00, EXEC, v:1, k:fup@torre, mode:FULL, rate:100
2026-07-06 19:18:59, MOVE, v:1, k:fup@torre, mode:EDIT
2026-07-06 19:23:57, MOVE, v:1, k:fup@torre, mode:BACK
2026-07-06 19:24:16, MOVE, v:1, k:fup@coluna, mode:DOWN
2026-07-06 19:24:18, MOVE, v:1, k:fup@coluna, mode:PICK
2026-07-06 19:26:10, MOVE, v:1, k:fup@atbash, mode:DOWN
2026-07-06 19:26:10, MOVE, v:1, k:fup@atbash, mode:PICK
2026-07-06 19:26:11, EXEC, v:1, k:fup@atbash, mode:FULL, rate:0, size:5
2026-07-06 19:26:10, MOVE, v:1, k:fup@atbash, mode:EDIT
2026-07-06 19:26:11, MOVE, v:1, k:fup@atbash, mode:EDIT
2026-07-06 19:36:54, EXEC, v:1, k:fup@atbash, mode:FULL, rate:0, size:31
2026-07-06 19:37:06, MOVE, v:1, k:fup@atbash, mode:BACK
2026-07-06 19:37:13, MOVE, v:1, k:fup@atbash, mode:PICK
2026-07-06 19:37:13, EXEC, v:1, k:fup@atbash, mode:FULL, rate:0
2026-07-06 19:38:31, EXEC, v:1, k:fup@atbash, mode:FULL, rate:100, size:44
2026-07-06 19:38:29, MOVE, v:1, k:fup@atbash, mode:EDIT
2026-07-06 19:38:31, MOVE, v:1, k:fup@atbash, mode:EDIT
2026-07-06 19:45:05, MOVE, v:1, k:fup@atbash, mode:BACK
2026-07-06 19:45:11, SELF, v:1, k:fup@atbash, self:1, rate:100
2026-07-06 19:45:42, MOVE, v:1, k:fup@amora, mode:DOWN
2026-07-06 19:45:43, MOVE, v:1, k:fup@amora, mode:PICK
2026-07-06 19:45:44, EXEC, v:1, k:fup@amora, mode:FULL, rate:0, size:5
2026-07-06 19:48:14, MOVE, v:1, k:fup@amora, mode:BACK
2026-07-06 19:49:01, MOVE, v:1, k:fup@amora, mode:PICK
2026-07-06 19:49:01, EXEC, v:1, k:fup@amora, mode:FULL, rate:100, size:31
2026-07-06 19:49:11, EXEC, v:1, k:fup@amora, mode:FULL, size:31, fail:COMP
2026-07-06 19:49:33, EXEC, v:1, k:fup@amora, mode:FULL, size:28, fail:COMP
2026-07-06 19:52:28, EXEC, v:1, k:fup@amora, mode:FULL, rate:100, size:31
2026-07-06 19:52:28, MOVE, v:1, k:fup@amora, mode:EDIT
2026-07-06 19:49:40, MOVE, v:1, k:fup@amora, mode:EDIT
2026-07-06 19:54:27, MOVE, v:1, k:fup@amora, mode:BACK
2026-07-06 19:54:37, SELF, v:1, k:fup@amora, self:1, rate:100
2026-07-06 19:55:21, MOVE, v:1, k:fup@coluna, mode:PICK
2026-07-06 20:01:19, MOVE, v:1, k:fup@amora, mode:PICK
2026-07-06 20:01:20, EXEC, v:1, k:fup@amora, mode:FULL, rate:100
2026-07-06 20:01:30, EXEC, v:1, k:fup@amora, mode:FULL, size:31, fail:COMP
2026-07-06 20:06:01, EXEC, v:1, k:fup@amora, mode:FULL, rate:100, size:31
2026-07-06 20:06:02, MOVE, v:1, k:fup@amora, mode:BACK
2026-07-06 20:06:01, MOVE, v:1, k:fup@amora, mode:EDIT
2026-07-06 20:05:58, MOVE, v:1, k:fup@amora, mode:EDIT
2026-07-06 20:06:22, SELF, v:1, k:fup@amora, self:1, rate:100
2026-07-06 20:06:23, MOVE, v:1, k:fup@amora, mode:PICK
2026-07-06 20:06:25, MOVE, v:1, k:fup@amora, mode:BACK
2026-07-06 20:06:34, MOVE, v:1, k:fup@traficantes, mode:DOWN
2026-07-06 20:06:35, MOVE, v:1, k:fup@traficantes, mode:PICK
2026-07-06 20:06:37, EXEC, v:1, k:fup@traficantes, mode:FULL, rate:0, size:5
2026-07-06 20:06:34, MOVE, v:1, k:fup@traficantes, mode:EDIT
2026-07-06 20:06:37, MOVE, v:1, k:fup@traficantes, mode:EDIT
2026-07-06 20:16:06, MOVE, v:1, k:fup@traficantes, mode:EDIT
2026-07-06 20:19:55, EXEC, v:1, k:fup@traficantes, mode:FULL, rate:100, size:38
2026-07-06 20:19:58, MOVE, v:1, k:fup@traficantes, mode:BACK
2026-07-06 20:20:05, SELF, v:1, k:fup@traficantes, self:1, rate:100
2026-07-06 20:19:53, MOVE, v:1, k:fup@traficantes, mode:EDIT
2026-07-06 20:19:55, MOVE, v:1, k:fup@traficantes, mode:EDIT
2026-07-06 20:22:58, MOVE, v:1, k:fup@coluna, mode:PICK
2026-07-06 20:23:36, MOVE, v:1, k:fup@coluna, mode:PICK
2026-07-06 20:23:37, EXEC, v:1, k:fup@coluna, mode:FULL, rate:0, size:5
2026-07-06 20:23:37, MOVE, v:1, k:fup@coluna, mode:EDIT
2026-07-06 20:23:48, MOVE, v:1, k:fup@coluna, mode:EDIT
2026-07-06 20:23:37, MOVE, v:1, k:fup@coluna, mode:EDIT
2026-07-06 20:23:48, MOVE, v:1, k:fup@coluna, mode:EDIT
2026-07-06 20:29:05, MOVE, v:1, k:fup@coluna, mode:BACK
2026-07-06 20:29:10, MOVE, v:1, k:fup@coluna, mode:PICK
2026-07-06 20:29:12, EXEC, v:1, k:fup@coluna, mode:FULL, rate:0, size:5
2026-07-06 20:29:56, EXEC, v:1, k:fup@coluna, mode:FULL, rate:100, size:32
2026-07-06 20:30:15, MOVE, v:1, k:fup@coluna, mode:BACK
2026-07-06 20:30:23, SELF, v:1, k:fup@coluna, self:1, rate:100
2026-07-06 20:30:43, MOVE, v:1, k:fup@permutacao, mode:DOWN
2026-07-06 20:30:44, MOVE, v:1, k:fup@permutacao, mode:PICK
2026-07-06 20:29:56, MOVE, v:1, k:fup@coluna, mode:EDIT
2026-07-06 20:29:51, MOVE, v:1, k:fup@coluna, mode:EDIT
2026-07-06 20:30:43, MOVE, v:1, k:fup@permutacao, mode:EDIT
2026-07-06 20:30:45, MOVE, v:1, k:fup@permutacao, mode:EDIT
2026-07-06 20:31:13, MOVE, v:1, k:fup@permutacao, mode:PICK
2026-07-06 20:31:14, EXEC, v:1, k:fup@permutacao, mode:FULL, rate:0, size:5
2026-07-06 20:31:14, MOVE, v:1, k:fup@permutacao, mode:EDIT
2026-07-06 20:31:27, MOVE, v:1, k:fup@permutacao, mode:EDIT
2026-07-06 20:31:14, MOVE, v:1, k:fup@permutacao, mode:EDIT
2026-07-06 20:31:27, MOVE, v:1, k:fup@permutacao, mode:EDIT
2026-07-06 21:18:11, MOVE, v:1, k:fup@permutacao, mode:BACK
2026-07-06 21:18:23, MOVE, v:1, k:fup@permutacao, mode:PICK
2026-07-06 21:18:24, EXEC, v:1, k:fup@permutacao, mode:FULL, rate:100, size:52
2026-07-06 21:18:26, MOVE, v:1, k:fup@permutacao, mode:BACK
2026-07-06 21:18:33, SELF, v:1, k:fup@permutacao, self:1, rate:100
2026-07-06 21:18:50, MOVE, v:1, k:fup@bingo, mode:PICK
2026-07-06 21:18:51, EXEC, v:1, k:fup@bingo, mode:FULL, rate:100
2026-07-06 21:19:59, MOVE, v:1, k:fup@bingo, mode:BACK
2026-07-06 21:20:01, MOVE, v:1, k:fup@imperador, mode:PICK
2026-07-06 21:20:02, EXEC, v:1, k:fup@imperador, mode:FULL, rate:100, size:55
2026-07-06 21:20:39, MOVE, v:1, k:fup@imperador, mode:BACK
2026-07-06 21:20:42, MOVE, v:1, k:fup@coluna, mode:PICK
2026-07-06 21:20:43, EXEC, v:1, k:fup@coluna, mode:FULL, rate:100
2026-07-06 21:18:24, MOVE, v:1, k:fup@permutacao, mode:EDIT
2026-07-06 21:18:51, MOVE, v:1, k:fup@bingo, mode:EDIT
2026-07-06 21:20:02, MOVE, v:1, k:fup@imperador, mode:EDIT
2026-07-06 21:20:43, MOVE, v:1, k:fup@coluna, mode:EDIT
2026-07-06 21:18:24, MOVE, v:1, k:fup@permutacao, mode:EDIT
2026-07-06 21:18:51, MOVE, v:1, k:fup@bingo, mode:EDIT
2026-07-06 21:20:02, MOVE, v:1, k:fup@imperador, mode:EDIT
2026-07-06 21:20:43, MOVE, v:1, k:fup@coluna, mode:EDIT
2026-07-06 21:21:20, MOVE, v:1, k:fup@coluna, mode:BACK
2026-07-06 21:21:34, MOVE, v:1, k:fup@quadrado, mode:DOWN
2026-07-06 21:21:35, MOVE, v:1, k:fup@quadrado, mode:PICK
2026-07-06 21:21:37, EXEC, v:1, k:fup@quadrado, mode:FULL, rate:0, size:5
2026-07-06 21:21:41, EXEC, v:1, k:fup@quadrado, mode:FULL, rate:0
2026-07-06 21:25:21, EXEC, v:1, k:fup@quadrado, mode:FULL, rate:33, size:60
2026-07-06 21:25:34, EXEC, v:1, k:fup@quadrado, mode:FULL, rate:33, size:60
2026-07-06 21:26:00, EXEC, v:1, k:fup@quadrado, mode:FULL, rate:100, size:60
2026-07-06 21:26:02, MOVE, v:1, k:fup@quadrado, mode:BACK
2026-07-06 21:26:06, SELF, v:1, k:fup@quadrado, self:1, rate:100
2026-07-06 21:21:34, MOVE, v:1, k:fup@quadrado, mode:EDIT
2026-07-06 21:25:59, MOVE, v:1, k:fup@quadrado, mode:EDIT
2026-07-06 21:26:00, MOVE, v:1, k:fup@quadrado, mode:EDIT
2026-07-06 21:21:34, MOVE, v:1, k:fup@quadrado, mode:EDIT
2026-07-06 21:25:59, MOVE, v:1, k:fup@quadrado, mode:EDIT
2026-07-06 21:26:00, MOVE, v:1, k:fup@quadrado, mode:EDIT
