2026-05-31 14:06:59, MOVE, v:1, k:fup@revolta, mode:DOWN
2026-05-31 14:07:00, MOVE, v:1, k:fup@revolta, mode:PICK
2026-05-31 14:07:08, EXEC, v:1, k:fup@revolta, mode:FULL, rate:0, size:6
2026-05-31 14:06:59, MOVE, v:1, k:fup@revolta, mode:EDIT
2026-05-31 14:06:59, MOVE, v:1, k:fup@revolta, mode:EDIT
2026-05-31 14:11:15, MOVE, v:1, k:fup@revolta, mode:EDIT
2026-05-31 14:07:08, MOVE, v:1, k:fup@revolta, mode:EDIT
2026-05-31 14:16:02, EXEC, v:1, k:fup@revolta, mode:FULL, rate:100, size:24
2026-05-31 14:16:04, MOVE, v:1, k:fup@revolta, mode:BACK
2026-05-31 14:16:18, SELF, v:1, k:fup@revolta, self:1, rate:100
2026-05-31 14:13:44, MOVE, v:1, k:fup@revolta, mode:EDIT
2026-05-31 14:16:01, MOVE, v:1, k:fup@revolta, mode:EDIT
2026-05-31 14:16:34, MOVE, v:1, k:fup@inverte, mode:DOWN
2026-05-31 14:16:34, MOVE, v:1, k:fup@inverte, mode:PICK
2026-05-31 14:16:36, EXEC, v:1, k:fup@inverte, mode:FULL, rate:0, size:5
2026-05-31 14:16:33, MOVE, v:1, k:fup@inverte, mode:EDIT
2026-05-31 14:16:34, MOVE, v:1, k:fup@inverte, mode:EDIT
2026-05-31 14:21:14, MOVE, v:1, k:fup@inverte, mode:EDIT
2026-05-31 14:16:36, MOVE, v:1, k:fup@inverte, mode:EDIT
2026-05-31 14:23:36, MOVE, v:1, k:fup@inverte, mode:EDIT
2026-05-31 14:31:12, EXEC, v:1, k:fup@inverte, mode:FULL, rate:100, size:15
2026-05-31 14:31:16, MOVE, v:1, k:fup@inverte, mode:BACK
2026-05-31 14:28:57, MOVE, v:1, k:fup@inverte, mode:EDIT
2026-05-31 14:31:12, MOVE, v:1, k:fup@inverte, mode:EDIT
2026-05-31 14:31:21, SELF, v:1, k:fup@inverte, self:1, rate:100
2026-05-31 14:31:26, MOVE, v:1, k:fup@substring, mode:DOWN
2026-05-31 14:31:27, MOVE, v:1, k:fup@substring, mode:PICK
2026-05-31 14:31:28, EXEC, v:1, k:fup@substring, mode:FULL, rate:0, size:5
2026-05-31 14:31:26, MOVE, v:1, k:fup@substring, mode:EDIT
2026-05-31 14:31:26, MOVE, v:1, k:fup@substring, mode:EDIT
2026-05-31 14:31:28, MOVE, v:1, k:fup@substring, mode:EDIT
2026-05-31 14:36:19, MOVE, v:1, k:fup@substring, mode:EDIT
2026-05-31 14:39:01, EXEC, v:1, k:fup@substring, mode:FULL, size:16, fail:COMP
2026-05-31 14:39:07, EXEC, v:1, k:fup@substring, mode:FULL, rate:71, size:16
2026-05-31 14:39:27, EXEC, v:1, k:fup@substring, mode:FULL, rate:71, size:16
2026-05-31 14:41:19, MOVE, v:1, k:fup@substring, mode:EDIT
2026-05-31 14:39:27, MOVE, v:1, k:fup@substring, mode:EDIT
2026-05-31 14:42:04, EXEC, v:1, k:fup@substring, mode:FULL, size:21, fail:COMP
2026-05-31 14:43:16, EXEC, v:1, k:fup@substring, mode:FULL, rate:71, size:22
2026-05-31 14:46:21, MOVE, v:1, k:fup@substring, mode:EDIT
2026-05-31 14:43:16, MOVE, v:1, k:fup@substring, mode:EDIT
2026-05-31 14:47:47, EXEC, v:1, k:fup@substring, mode:FULL, rate:0, size:25
2026-05-31 14:48:05, MOVE, v:1, k:fup@substring, mode:PICK
2026-05-31 14:48:06, EXEC, v:1, k:fup@substring, mode:FULL, rate:0
2026-05-31 14:48:19, MOVE, v:1, k:fup@substring, mode:PICK
2026-05-31 14:48:23, EXEC, v:1, k:fup@substring, mode:FULL, rate:0
2026-05-31 14:48:23, EXEC, v:1, k:fup@substring, mode:FULL, rate:0
2026-05-31 14:48:58, EXEC, v:1, k:fup@substring, mode:FULL, rate:71, size:17
2026-05-31 14:49:12, MOVE, v:1, k:fup@substring, mode:BACK
2026-05-31 14:49:22, MOVE, v:1, k:fup@substring, mode:PICK
2026-05-31 14:49:23, EXEC, v:1, k:fup@substring, mode:FULL, rate:71
2026-05-31 14:49:23, MOVE, v:1, k:fup@substring, mode:EDIT
2026-05-31 14:48:56, MOVE, v:1, k:fup@substring, mode:EDIT
2026-05-31 14:54:22, EXEC, v:1, k:fup@substring, mode:FULL, rate:71
2026-05-31 14:56:18, MOVE, v:1, k:fup@substring, mode:BACK
2026-05-31 14:56:21, MOVE, v:1, k:fup@inverte, mode:PICK
2026-05-31 14:56:22, EXEC, v:1, k:fup@inverte, mode:FULL, rate:100
2026-05-31 14:54:22, MOVE, v:1, k:fup@substring, mode:EDIT
2026-05-31 14:56:22, MOVE, v:1, k:fup@inverte, mode:EDIT
2026-05-31 15:01:39, MOVE, v:1, k:fup@inverte, mode:BACK
2026-05-31 15:01:53, MOVE, v:1, k:fup@inverte, mode:PICK
2026-05-31 15:01:56, EXEC, v:1, k:fup@inverte, mode:FULL, rate:100
2026-05-31 15:01:57, MOVE, v:1, k:fup@inverte, mode:BACK
