2026-06-15 00:00:00, MOVE, v:1, k:fup@troco, mode:EDIT
2026-06-15 00:03:32, MOVE, v:1, k:fup@troco, mode:EDIT
2026-06-15 00:00:19, MOVE, v:1, k:fup@troco, mode:EDIT
2026-06-15 00:00:19, MOVE, v:1, k:fup@troco, mode:EDIT
2026-06-15 00:05:09, MOVE, v:1, k:fup@troco, mode:EDIT
2026-06-15 00:08:34, MOVE, v:1, k:fup@troco, mode:EDIT
2026-06-15 00:10:12, MOVE, v:1, k:fup@troco, mode:EDIT
2026-06-15 00:10:51, MOVE, v:1, k:fup@troco, mode:BACK
2026-06-15 00:10:25, MOVE, v:1, k:fup@troco, mode:EDIT
2026-06-15 13:01:11, MOVE, v:1, k:fup@multiplo, mode:PICK
2026-06-15 13:01:14, EXEC, v:1, k:fup@multiplo, mode:FULL, rate:100
2026-06-15 13:02:08, MOVE, v:1, k:fup@multiplo, mode:BACK
2026-06-15 13:02:26, MOVE, v:1, k:fup@resto, mode:PICK
2026-06-15 13:02:27, EXEC, v:1, k:fup@resto, mode:FULL, rate:100, size:14
2026-06-15 13:02:58, MOVE, v:1, k:fup@resto, mode:BACK
2026-06-15 13:03:01, MOVE, v:1, k:fup@tres, mode:PICK
2026-06-15 13:03:02, EXEC, v:1, k:fup@tres, mode:FULL, rate:100
2026-06-15 13:03:36, MOVE, v:1, k:fup@tres, mode:BACK
2026-06-15 13:04:28, MOVE, v:1, k:fup@final, mode:PICK
2026-06-15 13:04:29, EXEC, v:1, k:fup@final, mode:FULL, rate:100, size:29
2026-06-15 13:05:10, MOVE, v:1, k:fup@final, mode:BACK
2026-06-15 13:01:14, MOVE, v:1, k:fup@multiplo, mode:EDIT
2026-06-15 13:02:27, MOVE, v:1, k:fup@resto, mode:EDIT
2026-06-15 13:03:02, MOVE, v:1, k:fup@tres, mode:EDIT
2026-06-15 13:04:29, MOVE, v:1, k:fup@final, mode:EDIT
2026-06-15 13:05:23, MOVE, v:1, k:fup@cortada, mode:PICK
2026-06-15 13:05:24, EXEC, v:1, k:fup@cortada, mode:FULL, rate:100
2026-06-15 13:05:43, MOVE, v:1, k:fup@cortada, mode:BACK
2026-06-15 13:06:01, MOVE, v:1, k:fup@casais, mode:DOWN
2026-06-15 13:06:02, MOVE, v:1, k:fup@casais, mode:PICK
2026-06-15 13:06:03, EXEC, v:1, k:fup@casais, mode:FULL, rate:0, size:5
2026-06-15 13:05:24, MOVE, v:1, k:fup@cortada, mode:EDIT
2026-06-15 13:06:01, MOVE, v:1, k:fup@casais, mode:EDIT
2026-06-15 13:06:01, MOVE, v:1, k:fup@casais, mode:EDIT
2026-06-15 13:08:14, MOVE, v:1, k:fup@casais, mode:EDIT
2026-06-15 13:06:03, MOVE, v:1, k:fup@casais, mode:EDIT
2026-06-15 13:15:20, MOVE, v:1, k:fup@casais, mode:EDIT
2026-06-15 13:20:12, MOVE, v:1, k:fup@casais, mode:EDIT
2026-06-15 13:20:24, MOVE, v:1, k:fup@casais, mode:EDIT
2026-06-15 13:30:13, MOVE, v:1, k:fup@casais, mode:EDIT
2026-06-15 13:35:10, MOVE, v:1, k:fup@casais, mode:EDIT
2026-06-15 13:38:24, EXEC, v:1, k:fup@casais, mode:FULL, rate:0, size:24
2026-06-15 13:40:10, EXEC, v:1, k:fup@casais, mode:FULL, rate:0, size:24
2026-06-15 13:40:08, MOVE, v:1, k:fup@casais, mode:EDIT
2026-06-15 13:40:10, MOVE, v:1, k:fup@casais, mode:EDIT
2026-06-15 13:41:09, EXEC, v:1, k:fup@casais, mode:FULL, rate:0
2026-06-15 13:42:19, MOVE, v:1, k:fup@casais, mode:BACK
2026-06-15 13:41:09, MOVE, v:1, k:fup@casais, mode:EDIT
2026-06-15 16:39:16, MOVE, v:1, k:fup@casais, mode:PICK
2026-06-15 16:39:21, EXEC, v:1, k:fup@casais, mode:FULL, rate:0
2026-06-15 16:39:21, EXEC, v:1, k:fup@casais, mode:FULL, rate:0
2026-06-15 16:39:22, MOVE, v:1, k:fup@casais, mode:EDIT
