2026-05-11 16:51:32, MOVE, v:1, k:fup@cobra, mode:PICK
2026-05-11 16:51:33, EXEC, v:1, k:fup@cobra, mode:FULL, rate:0
2026-05-11 16:51:33, MOVE, v:1, k:fup@cobra, mode:EDIT
2026-05-11 16:56:09, MOVE, v:1, k:fup@cobra, mode:EDIT
2026-05-11 16:58:10, EXEC, v:1, k:fup@cobra, mode:FULL, rate:9, size:19
2026-05-11 17:01:05, MOVE, v:1, k:fup@cobra, mode:EDIT
2026-05-11 16:58:09, MOVE, v:1, k:fup@cobra, mode:EDIT
2026-05-11 17:02:11, EXEC, v:1, k:fup@cobra, mode:FULL, rate:9, size:20
2026-05-11 17:03:04, EXEC, v:1, k:fup@cobra, mode:FULL, rate:9, size:20
2026-05-11 17:04:03, EXEC, v:1, k:fup@cobra, mode:FULL, rate:9, size:23
2026-05-11 17:06:09, EXEC, v:1, k:fup@cobra, mode:FULL, rate:9, size:23
2026-05-11 17:06:06, MOVE, v:1, k:fup@cobra, mode:EDIT
2026-05-11 17:06:08, MOVE, v:1, k:fup@cobra, mode:EDIT
2026-05-11 17:10:30, EXEC, v:1, k:fup@cobra, mode:FULL, rate:9, size:23
2026-05-11 17:10:26, MOVE, v:1, k:fup@cobra, mode:EDIT
2026-05-11 17:10:30, MOVE, v:1, k:fup@cobra, mode:EDIT
2026-05-11 17:11:28, MOVE, v:1, k:fup@cobra, mode:BACK
2026-05-11 17:11:32, MOVE, v:1, k:fup@salario, mode:PICK
2026-05-11 17:11:33, EXEC, v:1, k:fup@salario, mode:FULL, rate:0, size:5
2026-05-11 17:11:27, MOVE, v:1, k:fup@cobra, mode:EDIT
2026-05-11 17:11:33, MOVE, v:1, k:fup@salario, mode:EDIT
2026-05-11 17:16:05, MOVE, v:1, k:fup@salario, mode:EDIT
2026-05-11 17:17:20, EXEC, v:1, k:fup@salario, mode:FULL, rate:0, size:19
2026-05-11 17:18:00, EXEC, v:1, k:fup@salario, mode:FULL, rate:100, size:20
2026-05-11 17:18:02, MOVE, v:1, k:fup@salario, mode:BACK
2026-05-11 17:18:07, SELF, v:1, k:fup@salario, self:1, rate:100
2026-05-11 17:17:59, MOVE, v:1, k:fup@salario, mode:EDIT
2026-05-11 17:18:00, MOVE, v:1, k:fup@salario, mode:EDIT
2026-05-11 17:28:37, MOVE, v:1, k:fup@cobra, mode:PICK
2026-05-11 17:28:38, EXEC, v:1, k:fup@cobra, mode:FULL, rate:9
2026-05-11 17:30:33, EXEC, v:1, k:fup@cobra, mode:FULL, rate:9, size:23
2026-05-11 17:31:07, EXEC, v:1, k:fup@cobra, mode:FULL, rate:63, size:23
2026-05-11 17:31:07, MOVE, v:1, k:fup@cobra, mode:EDIT
2026-05-11 17:31:06, MOVE, v:1, k:fup@cobra, mode:EDIT
2026-05-11 17:34:31, EXEC, v:1, k:fup@cobra, mode:FULL, rate:63, size:23
2026-05-11 17:35:52, EXEC, v:1, k:fup@cobra, mode:FULL, rate:63, size:23
2026-05-11 17:36:09, MOVE, v:1, k:fup@cobra, mode:EDIT
2026-05-11 17:35:52, MOVE, v:1, k:fup@cobra, mode:EDIT
2026-05-11 17:39:23, EXEC, v:1, k:fup@cobra, mode:FULL, rate:72, size:23
2026-05-11 17:40:34, EXEC, v:1, k:fup@cobra, mode:FULL, rate:72, size:23
2026-05-11 17:40:46, EXEC, v:1, k:fup@cobra, mode:FULL, rate:100, size:23
2026-05-11 17:40:50, MOVE, v:1, k:fup@cobra, mode:BACK
2026-05-11 17:40:54, SELF, v:1, k:fup@cobra, self:1, rate:100
2026-05-11 17:40:45, MOVE, v:1, k:fup@cobra, mode:EDIT
2026-05-11 17:40:46, MOVE, v:1, k:fup@cobra, mode:EDIT
2026-05-11 17:41:42, MOVE, v:1, k:fup@colorido, mode:PICK
2026-05-11 17:41:43, EXEC, v:1, k:fup@colorido, mode:FULL, rate:16
2026-05-11 17:41:43, MOVE, v:1, k:fup@colorido, mode:EDIT
2026-05-11 17:46:12, MOVE, v:1, k:fup@colorido, mode:EDIT
2026-05-11 17:49:20, EXEC, v:1, k:fup@colorido, mode:FULL, rate:16, size:34
2026-05-11 17:50:21, EXEC, v:1, k:fup@colorido, mode:FULL, rate:16, size:34
2026-05-11 17:50:35, EXEC, v:1, k:fup@colorido, mode:FULL, rate:16, size:34
2026-05-11 17:51:01, EXEC, v:1, k:fup@colorido, mode:FULL, rate:100, size:35
2026-05-11 17:51:04, MOVE, v:1, k:fup@colorido, mode:BACK
2026-05-11 17:51:08, SELF, v:1, k:fup@colorido, self:1, rate:100
2026-05-11 17:51:00, MOVE, v:1, k:fup@colorido, mode:EDIT
2026-05-11 17:51:01, MOVE, v:1, k:fup@colorido, mode:EDIT
2026-05-11 17:52:41, MOVE, v:1, k:fup@vet_i, mode:PICK
2026-05-11 17:52:42, MOVE, v:1, k:fup@vet_i, mode:BACK
2026-05-11 17:52:51, SELF, v:1, k:fup@vet_i, self:1, rate:100, guided:1
2026-05-11 17:53:28, MOVE, v:1, k:fup@esconde, mode:DOWN
2026-05-11 17:53:29, MOVE, v:1, k:fup@esconde, mode:PICK
2026-05-11 17:53:30, EXEC, v:1, k:fup@esconde, mode:FULL, rate:0, size:5
2026-05-11 17:55:42, EXEC, v:1, k:fup@esconde, mode:FULL, rate:0, size:15
2026-05-11 17:56:03, EXEC, v:1, k:fup@esconde, mode:FULL, rate:0, size:15
2026-05-11 17:53:28, MOVE, v:1, k:fup@esconde, mode:EDIT
2026-05-11 17:53:28, MOVE, v:1, k:fup@esconde, mode:EDIT
2026-05-11 17:56:03, MOVE, v:1, k:fup@esconde, mode:EDIT
2026-05-11 17:56:01, MOVE, v:1, k:fup@esconde, mode:EDIT
2026-05-11 17:56:33, EXEC, v:1, k:fup@esconde, mode:FULL, rate:100, size:15
2026-05-11 17:56:35, MOVE, v:1, k:fup@esconde, mode:BACK
2026-05-11 17:56:36, MOVE, v:1, k:fup@esconde, mode:PICK
2026-05-11 17:56:37, EXEC, v:1, k:fup@esconde, mode:FULL, rate:100
2026-05-11 17:56:37, MOVE, v:1, k:fup@esconde, mode:BACK
2026-05-11 17:56:41, SELF, v:1, k:fup@esconde, self:1, rate:100
