2026-05-04 13:33:51, MOVE, v:1, k:fup@sapatos, mode:DOWN
2026-05-04 13:33:52, MOVE, v:1, k:fup@sapatos, mode:PICK
2026-05-04 13:33:56, EXEC, v:1, k:fup@sapatos, mode:FULL, rate:0, size:5
2026-05-04 13:33:51, MOVE, v:1, k:fup@sapatos, mode:EDIT
2026-05-04 13:33:51, MOVE, v:1, k:fup@sapatos, mode:EDIT
2026-05-04 13:38:22, MOVE, v:1, k:fup@sapatos, mode:EDIT
2026-05-04 13:33:56, MOVE, v:1, k:fup@sapatos, mode:EDIT
2026-05-04 13:40:03, EXEC, v:1, k:fup@sapatos, mode:FULL, size:12, fail:COMP
2026-05-04 13:40:32, EXEC, v:1, k:fup@sapatos, mode:FULL, rate:71, size:13
2026-05-04 13:41:33, EXEC, v:1, k:fup@sapatos, mode:FULL, rate:28, size:15
2026-05-04 13:41:52, EXEC, v:1, k:fup@sapatos, mode:FULL, rate:71, size:13
2026-05-04 13:43:18, MOVE, v:1, k:fup@sapatos, mode:EDIT
2026-05-04 13:41:52, MOVE, v:1, k:fup@sapatos, mode:EDIT
2026-05-04 13:43:24, EXEC, v:1, k:fup@sapatos, mode:FULL, rate:71, size:17
2026-05-04 13:44:41, EXEC, v:1, k:fup@sapatos, mode:FULL, rate:100, size:18
2026-05-04 13:44:47, MOVE, v:1, k:fup@sapatos, mode:BACK
2026-05-04 13:44:54, SELF, v:1, k:fup@sapatos, self:1, rate:100
2026-05-04 13:45:23, SELF, v:1, k:fup@monica, self:1, rate:37
2026-05-04 13:45:42, SELF, v:1, k:fup@drone, self:1
2026-05-04 13:46:48, MOVE, v:1, k:fup@teleferico, mode:DOWN
2026-05-04 13:46:48, MOVE, v:1, k:fup@teleferico, mode:PICK
2026-05-04 13:46:49, EXEC, v:1, k:fup@teleferico, mode:FULL, rate:0, size:5
2026-05-04 13:44:41, MOVE, v:1, k:fup@sapatos, mode:EDIT
2026-05-04 13:44:40, MOVE, v:1, k:fup@sapatos, mode:EDIT
2026-05-04 13:46:48, MOVE, v:1, k:fup@teleferico, mode:EDIT
2026-05-04 13:46:48, MOVE, v:1, k:fup@teleferico, mode:EDIT
2026-05-04 13:48:15, MOVE, v:1, k:fup@teleferico, mode:EDIT
2026-05-04 13:46:49, MOVE, v:1, k:fup@teleferico, mode:EDIT
2026-05-04 13:50:18, EXEC, v:1, k:fup@teleferico, mode:FULL, rate:100, size:12
2026-05-04 13:50:26, MOVE, v:1, k:fup@teleferico, mode:BACK
2026-05-04 13:50:40, SELF, v:1, k:fup@teleferico, self:1, rate:100
2026-05-04 13:52:22, MOVE, v:1, k:fup@filhos, mode:PICK
2026-05-04 13:52:25, EXEC, v:1, k:fup@filhos, mode:FULL, rate:0
2026-05-04 13:52:38, EXEC, v:1, k:fup@filhos, mode:FULL, rate:0
2026-05-04 13:52:48, EXEC, v:1, k:fup@filhos, mode:FULL, rate:0, size:10
2026-05-04 13:50:16, MOVE, v:1, k:fup@teleferico, mode:EDIT
2026-05-04 13:50:17, MOVE, v:1, k:fup@teleferico, mode:EDIT
2026-05-04 13:52:46, MOVE, v:1, k:fup@filhos, mode:EDIT
2026-05-04 13:53:08, MOVE, v:1, k:fup@filhos, mode:EDIT
2026-05-04 13:55:07, EXEC, v:1, k:fup@filhos, mode:FULL, rate:0, size:10
2026-05-04 13:56:38, EXEC, v:1, k:fup@filhos, mode:FULL, rate:33, size:10
2026-05-04 13:58:21, MOVE, v:1, k:fup@filhos, mode:EDIT
2026-05-04 13:56:38, MOVE, v:1, k:fup@filhos, mode:EDIT
2026-05-04 13:58:29, EXEC, v:1, k:fup@filhos, mode:FULL, rate:0, size:10
2026-05-04 13:58:43, EXEC, v:1, k:fup@filhos, mode:FULL, rate:0, size:10
2026-05-04 13:59:23, EXEC, v:1, k:fup@filhos, mode:FULL, rate:33, size:12
2026-05-04 14:00:48, EXEC, v:1, k:fup@filhos, mode:FULL, rate:0, size:12
2026-05-04 14:01:45, EXEC, v:1, k:fup@filhos, mode:FULL, rate:100, size:12
2026-05-04 14:02:01, MOVE, v:1, k:fup@filhos, mode:BACK
2026-05-04 14:02:19, SELF, v:1, k:fup@filhos, self:1, rate:100
2026-05-04 14:02:43, MOVE, v:1, k:fup@ceu, mode:DOWN
2026-05-04 14:02:44, MOVE, v:1, k:fup@ceu, mode:PICK
2026-05-04 14:02:45, EXEC, v:1, k:fup@ceu, mode:FULL, rate:0, size:5
2026-05-04 14:01:43, MOVE, v:1, k:fup@filhos, mode:EDIT
2026-05-04 14:01:45, MOVE, v:1, k:fup@filhos, mode:EDIT
2026-05-04 14:02:43, MOVE, v:1, k:fup@ceu, mode:EDIT
2026-05-04 14:02:43, MOVE, v:1, k:fup@ceu, mode:EDIT
2026-05-04 14:02:43, MOVE, v:1, k:fup@ceu, mode:EDIT
2026-05-04 14:02:45, MOVE, v:1, k:fup@ceu, mode:EDIT
2026-05-04 14:07:44, EXEC, v:1, k:fup@ceu, mode:FULL, rate:0, size:17
2026-05-04 14:07:58, EXEC, v:1, k:fup@ceu, mode:FULL, rate:0, size:18
2026-05-04 14:07:57, MOVE, v:1, k:fup@ceu, mode:EDIT
2026-05-04 14:07:58, MOVE, v:1, k:fup@ceu, mode:EDIT
2026-05-04 14:08:29, EXEC, v:1, k:fup@ceu, mode:FULL, rate:0, size:18
2026-05-04 14:09:33, EXEC, v:1, k:fup@ceu, mode:FULL, rate:0, size:18
2026-05-04 14:10:03, EXEC, v:1, k:fup@ceu, mode:FULL, rate:0, size:19
2026-05-04 14:12:08, EXEC, v:1, k:fup@ceu, mode:FULL, rate:0, size:19
2026-05-04 14:12:07, MOVE, v:1, k:fup@ceu, mode:EDIT
2026-05-04 14:12:08, MOVE, v:1, k:fup@ceu, mode:EDIT
2026-05-04 14:14:52, EXEC, v:1, k:fup@ceu, mode:FULL, rate:0, size:19
2026-05-04 14:15:03, EXEC, v:1, k:fup@ceu, mode:FULL, rate:0, size:19
2026-05-04 14:15:15, EXEC, v:1, k:fup@ceu, mode:FULL, rate:0, size:19
2026-05-04 14:16:20, EXEC, v:1, k:fup@ceu, mode:FULL, rate:0, size:19
2026-05-04 14:16:36, EXEC, v:1, k:fup@ceu, mode:FULL, rate:0, size:19
2026-05-04 14:16:50, EXEC, v:1, k:fup@ceu, mode:FULL, rate:0, size:19
2026-05-04 14:18:13, EXEC, v:1, k:fup@ceu, mode:FULL, rate:0, size:20
2026-05-04 14:18:20, EXEC, v:1, k:fup@ceu, mode:FULL, rate:0, size:20
2026-05-04 14:18:20, MOVE, v:1, k:fup@ceu, mode:EDIT
2026-05-04 14:18:20, MOVE, v:1, k:fup@ceu, mode:EDIT
2026-05-04 14:18:44, EXEC, v:1, k:fup@ceu, mode:FULL, rate:0, size:20
2026-05-04 14:18:59, EXEC, v:1, k:fup@ceu, mode:FULL, rate:0, size:20
2026-05-04 14:19:10, EXEC, v:1, k:fup@ceu, mode:FULL, rate:0, size:20
2026-05-04 14:19:30, EXEC, v:1, k:fup@ceu, mode:FULL, rate:0, size:20
2026-05-04 14:19:37, EXEC, v:1, k:fup@ceu, mode:FULL, rate:0, size:20
2026-05-04 14:20:41, EXEC, v:1, k:fup@ceu, mode:FULL, rate:0, size:23
2026-05-04 14:21:06, EXEC, v:1, k:fup@ceu, mode:FULL, rate:0, size:23
2026-05-04 14:21:16, EXEC, v:1, k:fup@ceu, mode:FULL, size:23, fail:COMP
2026-05-04 14:21:20, EXEC, v:1, k:fup@ceu, mode:FULL, rate:0
2026-05-04 14:21:31, EXEC, v:1, k:fup@ceu, mode:FULL, rate:0, size:23
2026-05-04 14:21:40, MOVE, v:1, k:fup@ceu, mode:BACK
