2026-06-14 19:31:13, MOVE, v:1, k:fup@fila, mode:DOWN
2026-06-14 19:31:14, MOVE, v:1, k:fup@fila, mode:PICK
2026-06-14 19:31:18, EXEC, v:1, k:fup@fila, mode:FULL, rate:0, size:5
2026-06-14 19:31:13, MOVE, v:1, k:fup@fila, mode:EDIT
2026-06-14 19:31:13, MOVE, v:1, k:fup@fila, mode:EDIT
2026-06-14 19:31:13, MOVE, v:1, k:fup@fila, mode:EDIT
2026-06-14 19:31:17, MOVE, v:1, k:fup@fila, mode:EDIT
2026-06-14 19:35:34, MOVE, v:1, k:fup@fila, mode:BACK
2026-06-14 19:35:44, MOVE, v:1, k:fup@fila, mode:PICK
2026-06-14 19:35:46, EXEC, v:1, k:fup@fila, mode:FULL, rate:0
2026-06-14 19:35:46, MOVE, v:1, k:fup@fila, mode:EDIT
2026-06-14 22:17:29, MOVE, v:1, k:fup@fila, mode:PICK
2026-06-14 22:58:35, MOVE, v:1, k:fup@fila, mode:PICK
2026-06-14 22:58:37, EXEC, v:1, k:fup@fila, mode:FULL, rate:0, size:33
2026-06-14 22:58:47, EXEC, v:1, k:fup@fila, mode:FULL, rate:0, size:33
2026-06-14 22:58:57, EXEC, v:1, k:fup@fila, mode:FULL, rate:0, size:33
2026-06-14 22:59:05, EXEC, v:1, k:fup@fila, mode:FULL, rate:0, size:33
2026-06-14 22:59:19, EXEC, v:1, k:fup@fila, mode:FULL, rate:0, size:33
2026-06-14 22:59:26, EXEC, v:1, k:fup@fila, mode:FULL, rate:0, size:33
2026-06-14 22:59:32, EXEC, v:1, k:fup@fila, mode:FULL, rate:0, size:33
2026-06-14 22:59:40, EXEC, v:1, k:fup@fila, mode:FULL, rate:0, size:33
2026-06-14 22:59:45, EXEC, v:1, k:fup@fila, mode:FREE
2026-06-14 23:00:11, MOVE, v:1, k:fup@fila, mode:PICK
2026-06-14 23:00:22, EXEC, v:1, k:fup@fila, mode:FULL, rate:0, size:33
2026-06-14 23:00:22, MOVE, v:1, k:fup@fila, mode:EDIT
2026-06-14 23:03:31, MOVE, v:1, k:fup@fila, mode:EDIT
2026-06-14 23:03:46, EXEC, v:1, k:fup@fila, mode:FULL, rate:0, size:37
2026-06-14 23:04:06, EXEC, v:1, k:fup@fila, mode:FULL, rate:0, size:37
2026-06-14 23:05:09, MOVE, v:1, k:fup@fila, mode:EDIT
2026-06-14 23:04:05, MOVE, v:1, k:fup@fila, mode:EDIT
2026-06-14 23:05:30, EXEC, v:1, k:fup@fila, mode:FULL, rate:0, size:40
2026-06-14 23:05:38, EXEC, v:1, k:fup@fila, mode:FULL, rate:0, size:40
2026-06-14 23:06:10, EXEC, v:1, k:fup@fila, mode:FULL, rate:0, size:40
2026-06-14 23:06:38, EXEC, v:1, k:fup@fila, mode:FULL, rate:0, size:40
2026-06-14 23:06:50, EXEC, v:1, k:fup@fila, mode:FULL, rate:0, size:40
2026-06-14 23:06:49, MOVE, v:1, k:fup@fila, mode:EDIT
2026-06-14 23:06:50, MOVE, v:1, k:fup@fila, mode:EDIT
2026-06-14 23:09:25, EXEC, v:1, k:fup@fila, mode:FULL, rate:0, size:40
2026-06-14 23:09:22, MOVE, v:1, k:fup@fila, mode:EDIT
2026-06-14 23:09:24, MOVE, v:1, k:fup@fila, mode:EDIT
2026-06-14 23:12:54, MOVE, v:1, k:fup@fila, mode:EDIT
2026-06-14 23:09:24, MOVE, v:1, k:fup@fila, mode:EDIT
2026-06-14 23:15:10, MOVE, v:1, k:fup@fila, mode:EDIT
2026-06-14 23:15:23, EXEC, v:1, k:fup@fila, mode:FULL, size:42, fail:COMP
2026-06-14 23:15:37, EXEC, v:1, k:fup@fila, mode:FULL, fail:COMP
2026-06-14 23:18:26, EXEC, v:1, k:fup@fila, mode:FULL, rate:0, size:42
2026-06-14 23:18:17, MOVE, v:1, k:fup@fila, mode:EDIT
2026-06-14 23:18:26, MOVE, v:1, k:fup@fila, mode:EDIT
2026-06-14 23:18:41, EXEC, v:1, k:fup@fila, mode:FULL, rate:100, size:42
2026-06-14 23:18:38, MOVE, v:1, k:fup@fila, mode:EDIT
2026-06-14 23:18:41, MOVE, v:1, k:fup@fila, mode:EDIT
2026-06-14 23:23:15, MOVE, v:1, k:fup@fila, mode:BACK
2026-06-14 23:23:27, SELF, v:1, k:fup@fila, self:1, rate:100, friend:alec
2026-06-14 23:18:38, MOVE, v:1, k:fup@fila, mode:EDIT
2026-06-14 23:18:41, MOVE, v:1, k:fup@fila, mode:EDIT
2026-06-14 23:23:47, MOVE, v:1, k:fup@invertendo, mode:DOWN
2026-06-14 23:23:48, MOVE, v:1, k:fup@invertendo, mode:PICK
2026-06-14 23:23:50, EXEC, v:1, k:fup@invertendo, mode:FULL, rate:0, size:5
2026-06-14 23:23:52, MOVE, v:1, k:fup@invertendo, mode:BACK
2026-06-14 23:23:54, MOVE, v:1, k:fup@invertendo, mode:PICK
2026-06-14 23:23:55, EXEC, v:1, k:fup@invertendo, mode:FULL, rate:0
2026-06-14 23:23:47, MOVE, v:1, k:fup@invertendo, mode:EDIT
2026-06-14 23:25:11, MOVE, v:1, k:fup@invertendo, mode:EDIT
2026-06-14 23:23:55, MOVE, v:1, k:fup@invertendo, mode:EDIT
2026-06-14 23:27:02, EXEC, v:1, k:fup@invertendo, mode:FULL, size:13, fail:COMP
2026-06-14 23:28:00, EXEC, v:1, k:fup@invertendo, mode:FULL, size:15, fail:COMP
2026-06-14 23:23:47, MOVE, v:1, k:fup@invertendo, mode:EDIT
2026-06-14 23:23:47, MOVE, v:1, k:fup@invertendo, mode:EDIT
2026-06-14 23:28:15, MOVE, v:1, k:fup@invertendo, mode:EDIT
2026-06-14 23:23:55, MOVE, v:1, k:fup@invertendo, mode:EDIT
2026-06-14 23:28:42, EXEC, v:1, k:fup@invertendo, mode:FULL, rate:0, size:16
2026-06-14 23:29:25, MOVE, v:1, k:fup@invertendo, mode:EDIT
2026-06-14 23:28:42, MOVE, v:1, k:fup@invertendo, mode:EDIT
2026-06-14 23:32:32, MOVE, v:1, k:fup@invertendo, mode:EDIT
2026-06-14 23:28:42, MOVE, v:1, k:fup@invertendo, mode:EDIT
2026-06-14 23:35:06, MOVE, v:1, k:fup@invertendo, mode:EDIT
2026-06-14 23:36:16, EXEC, v:1, k:fup@invertendo, mode:FULL, rate:0, size:18
2026-06-14 23:36:54, EXEC, v:1, k:fup@invertendo, mode:FULL, size:18, fail:COMP
2026-06-14 23:37:57, EXEC, v:1, k:fup@invertendo, mode:FULL, rate:0, size:18
2026-06-14 23:37:56, MOVE, v:1, k:fup@invertendo, mode:EDIT
2026-06-14 23:37:57, MOVE, v:1, k:fup@invertendo, mode:EDIT
2026-06-14 23:38:39, EXEC, v:1, k:fup@invertendo, mode:FULL, rate:0, size:18
2026-06-14 23:39:01, EXEC, v:1, k:fup@invertendo, mode:FULL, rate:0, size:18
2026-06-14 23:39:14, EXEC, v:1, k:fup@invertendo, mode:FULL, rate:0, size:18
2026-06-14 23:39:28, EXEC, v:1, k:fup@invertendo, mode:FULL, rate:0
2026-06-14 23:39:10, MOVE, v:1, k:fup@invertendo, mode:EDIT
2026-06-14 23:39:28, MOVE, v:1, k:fup@invertendo, mode:EDIT
2026-06-14 23:40:39, EXEC, v:1, k:fup@invertendo, mode:FULL, rate:0, size:18
2026-06-14 23:40:51, EXEC, v:1, k:fup@invertendo, mode:FULL, rate:0, size:18
2026-06-14 23:41:03, EXEC, v:1, k:fup@invertendo, mode:FULL, rate:0, size:18
2026-06-14 23:41:12, EXEC, v:1, k:fup@invertendo, mode:FULL, rate:0
2026-06-14 23:41:17, EXEC, v:1, k:fup@invertendo, mode:FULL, rate:0, size:18
2026-06-14 23:41:24, EXEC, v:1, k:fup@invertendo, mode:FULL, rate:0, size:18
2026-06-14 23:41:35, EXEC, v:1, k:fup@invertendo, mode:FULL, rate:0, size:18
2026-06-14 23:41:49, EXEC, v:1, k:fup@invertendo, mode:FULL, rate:0, size:18
2026-06-14 23:41:56, EXEC, v:1, k:fup@invertendo, mode:FULL, rate:0, size:18
2026-06-14 23:42:08, EXEC, v:1, k:fup@invertendo, mode:FULL, rate:0, size:18
2026-06-14 23:42:19, EXEC, v:1, k:fup@invertendo, mode:FULL, rate:100, size:18
2026-06-14 23:42:18, MOVE, v:1, k:fup@invertendo, mode:EDIT
2026-06-14 23:42:19, MOVE, v:1, k:fup@invertendo, mode:EDIT
2026-06-14 23:44:13, MOVE, v:1, k:fup@invertendo, mode:BACK
2026-06-14 23:44:28, SELF, v:1, k:fup@invertendo, self:1, rate:100, friend:alec
2026-06-14 23:42:18, MOVE, v:1, k:fup@invertendo, mode:EDIT
2026-06-14 23:42:19, MOVE, v:1, k:fup@invertendo, mode:EDIT
2026-06-14 23:46:17, MOVE, v:1, k:fup@troco, mode:DOWN
2026-06-14 23:46:18, MOVE, v:1, k:fup@troco, mode:PICK
2026-06-14 23:46:20, EXEC, v:1, k:fup@troco, mode:FULL, rate:0, size:5
2026-06-14 23:46:17, MOVE, v:1, k:fup@troco, mode:EDIT
2026-06-14 23:46:17, MOVE, v:1, k:fup@troco, mode:EDIT
2026-06-14 23:47:18, MOVE, v:1, k:fup@troco, mode:EDIT
2026-06-14 23:46:20, MOVE, v:1, k:fup@troco, mode:EDIT
2026-06-14 23:46:17, MOVE, v:1, k:fup@troco, mode:EDIT
2026-06-14 23:46:17, MOVE, v:1, k:fup@troco, mode:EDIT
2026-06-14 23:47:18, MOVE, v:1, k:fup@troco, mode:EDIT
2026-06-14 23:46:20, MOVE, v:1, k:fup@troco, mode:EDIT
