2026-05-05 21:55:01, MOVE, v:1, k:fup@ceu, mode:PICK
2026-05-05 21:55:03, EXEC, v:1, k:fup@ceu, mode:FULL, rate:0
2026-05-05 21:55:14, EXEC, v:1, k:fup@ceu, mode:FULL, rate:80, size:23
2026-05-05 21:55:19, EXEC, v:1, k:fup@ceu, mode:FULL, rate:20, size:23
2026-05-05 21:55:28, EXEC, v:1, k:fup@ceu, mode:FULL, rate:80, size:23
2026-05-05 21:56:39, EXEC, v:1, k:fup@ceu, mode:FULL, rate:0, size:23
2026-05-05 21:56:45, EXEC, v:1, k:fup@ceu, mode:FULL, rate:80, size:23
2026-05-05 21:56:45, MOVE, v:1, k:fup@ceu, mode:EDIT
2026-05-05 21:59:13, MOVE, v:1, k:fup@ceu, mode:EDIT
2026-05-05 22:00:08, EXEC, v:1, k:fup@ceu, mode:FULL, size:24, fail:COMP
2026-05-05 22:00:30, EXEC, v:1, k:fup@ceu, mode:FULL, rate:80, size:23
2026-05-05 22:04:03, MOVE, v:1, k:fup@ceu, mode:EDIT
2026-05-05 22:00:29, MOVE, v:1, k:fup@ceu, mode:EDIT
2026-05-05 22:06:22, EXEC, v:1, k:fup@ceu, mode:FULL, rate:80, size:27
2026-05-05 22:06:36, EXEC, v:1, k:fup@ceu, mode:FULL, rate:80, size:27
2026-05-05 22:07:21, EXEC, v:1, k:fup@ceu, mode:FULL, rate:80, size:25
2026-05-05 22:09:13, MOVE, v:1, k:fup@ceu, mode:EDIT
2026-05-05 22:07:21, MOVE, v:1, k:fup@ceu, mode:EDIT
2026-05-05 22:11:05, EXEC, v:1, k:fup@ceu, mode:FULL, rate:80, size:30
2026-05-05 22:14:15, MOVE, v:1, k:fup@ceu, mode:EDIT
2026-05-05 22:11:05, MOVE, v:1, k:fup@ceu, mode:EDIT
2026-05-05 22:14:17, EXEC, v:1, k:fup@ceu, mode:FULL, rate:80, size:34
2026-05-05 22:14:29, EXEC, v:1, k:fup@ceu, mode:FULL, rate:80, size:34
2026-05-05 22:14:51, EXEC, v:1, k:fup@ceu, mode:FULL, size:34, fail:COMP
2026-05-05 22:15:05, EXEC, v:1, k:fup@ceu, mode:FULL, rate:80, size:32
2026-05-05 22:15:13, EXEC, v:1, k:fup@ceu, mode:FULL, rate:80
2026-05-05 22:17:31, EXEC, v:1, k:fup@ceu, mode:FULL, rate:0, size:32
2026-05-05 22:17:41, EXEC, v:1, k:fup@ceu, mode:FULL, rate:20, size:32
2026-05-05 22:18:09, EXEC, v:1, k:fup@ceu, mode:FULL, rate:0, size:32
2026-05-05 22:18:17, EXEC, v:1, k:fup@ceu, mode:FULL, rate:20, size:32
2026-05-05 22:18:39, EXEC, v:1, k:fup@ceu, mode:FULL, rate:80, size:32
2026-05-05 22:18:39, MOVE, v:1, k:fup@ceu, mode:EDIT
2026-05-05 22:18:39, MOVE, v:1, k:fup@ceu, mode:EDIT
2026-05-05 22:19:58, EXEC, v:1, k:fup@ceu, mode:FULL, rate:0, size:35
2026-05-05 22:20:19, EXEC, v:1, k:fup@ceu, mode:FULL, rate:0, size:35
2026-05-05 22:20:30, EXEC, v:1, k:fup@ceu, mode:FULL, rate:0, size:35
2026-05-05 22:21:58, EXEC, v:1, k:fup@ceu, mode:FULL, rate:80, size:32
2026-05-05 22:24:07, MOVE, v:1, k:fup@ceu, mode:EDIT
2026-05-05 22:21:58, MOVE, v:1, k:fup@ceu, mode:EDIT
2026-05-05 22:24:38, EXEC, v:1, k:fup@ceu, mode:FULL, rate:20, size:27
2026-05-05 22:24:49, EXEC, v:1, k:fup@ceu, mode:FULL, rate:80, size:27
2026-05-05 22:26:12, EXEC, v:1, k:fup@ceu, mode:FULL, rate:100, size:25
2026-05-05 22:27:02, MOVE, v:1, k:fup@ceu, mode:BACK
2026-05-05 22:27:09, SELF, v:1, k:fup@ceu, self:1, rate:100
2026-05-05 22:27:52, SELF, v:1, k:fup@sapatos, self:1, rate:71
2026-05-05 22:27:53, MOVE, v:1, k:fup@sapatos, mode:PICK
2026-05-05 22:27:54, EXEC, v:1, k:fup@sapatos, mode:FULL, rate:100
2026-05-05 22:27:55, MOVE, v:1, k:fup@sapatos, mode:BACK
2026-05-05 22:28:05, MOVE, v:1, k:fup@filhos, mode:PICK
2026-05-05 22:28:08, EXEC, v:1, k:fup@filhos, mode:FULL, rate:100
2026-05-05 22:28:10, MOVE, v:1, k:fup@filhos, mode:BACK
2026-05-05 22:28:21, MOVE, v:1, k:fup@loop_v, mode:PICK
2026-05-05 22:28:23, EXEC, v:1, k:fup@loop_v, mode:FULL, rate:100
2026-05-05 22:28:24, MOVE, v:1, k:fup@loop_v, mode:BACK
2026-05-05 22:28:31, MOVE, v:1, k:fup@loop_iv, mode:PICK
2026-05-05 22:28:32, EXEC, v:1, k:fup@loop_iv, mode:FULL, rate:100
2026-05-05 22:28:33, MOVE, v:1, k:fup@loop_iv, mode:BACK
2026-05-05 22:28:54, MOVE, v:1, k:fup@monica, mode:PICK
2026-05-05 22:28:55, EXEC, v:1, k:fup@monica, mode:FULL, rate:100
2026-05-05 22:28:56, MOVE, v:1, k:fup@monica, mode:BACK
2026-05-05 22:29:03, MOVE, v:1, k:fup@bhaskara, mode:PICK
2026-05-05 22:29:04, EXEC, v:1, k:fup@bhaskara, mode:FULL, rate:0, size:5
2026-05-05 22:29:12, MOVE, v:1, k:fup@bhaskara, mode:BACK
2026-05-05 22:26:11, MOVE, v:1, k:fup@ceu, mode:EDIT
2026-05-05 22:26:12, MOVE, v:1, k:fup@ceu, mode:EDIT
2026-05-05 22:27:54, MOVE, v:1, k:fup@sapatos, mode:EDIT
2026-05-05 22:28:08, MOVE, v:1, k:fup@filhos, mode:EDIT
2026-05-05 22:28:22, MOVE, v:1, k:fup@loop_v, mode:EDIT
2026-05-05 22:28:32, MOVE, v:1, k:fup@loop_iv, mode:EDIT
2026-05-05 22:28:54, MOVE, v:1, k:fup@monica, mode:EDIT
2026-05-05 22:29:04, MOVE, v:1, k:fup@bhaskara, mode:EDIT
2026-05-05 22:29:24, MOVE, v:1, k:fup@bhaskara, mode:PICK
2026-05-05 22:29:25, EXEC, v:1, k:fup@bhaskara, mode:FULL, rate:0
2026-05-05 22:30:26, MOVE, v:1, k:fup@bhaskara, mode:BACK
2026-05-05 22:30:48, SELF, v:1, k:fup@bhaskara, self:1
2026-05-05 22:31:35, MOVE, v:1, k:fup@drone, mode:PICK
2026-05-05 22:31:36, EXEC, v:1, k:fup@drone, mode:FULL, rate:100
2026-05-05 22:31:38, MOVE, v:1, k:fup@drone, mode:BACK
2026-05-05 22:32:25, MOVE, v:1, k:fup@vet_iii, mode:PICK
2026-05-05 22:32:26, EXEC, v:1, k:fup@vet_iii, mode:FULL, rate:100
2026-05-05 22:32:29, MOVE, v:1, k:fup@vet_iii, mode:BACK
2026-05-05 22:33:34, MOVE, v:1, k:fup@bhaskara, mode:PICK
2026-05-05 22:33:35, EXEC, v:1, k:fup@bhaskara, mode:FULL, rate:0
2026-05-05 22:33:35, MOVE, v:1, k:fup@bhaskara, mode:EDIT
2026-05-05 22:31:36, MOVE, v:1, k:fup@drone, mode:EDIT
2026-05-05 22:32:26, MOVE, v:1, k:fup@vet_iii, mode:EDIT
2026-05-05 22:34:12, MOVE, v:1, k:fup@bhaskara, mode:EDIT
2026-05-05 22:39:15, MOVE, v:1, k:fup@bhaskara, mode:EDIT
2026-05-05 22:40:56, EXEC, v:1, k:fup@bhaskara, mode:FULL, size:16, fail:COMP
2026-05-05 22:41:14, EXEC, v:1, k:fup@bhaskara, mode:FULL, size:16, fail:COMP
2026-05-05 22:42:09, EXEC, v:1, k:fup@bhaskara, mode:FULL, rate:28, size:17
2026-05-05 22:43:34, EXEC, v:1, k:fup@bhaskara, mode:FULL, rate:71, size:17
2026-05-05 22:43:32, MOVE, v:1, k:fup@bhaskara, mode:EDIT
2026-05-05 22:43:34, MOVE, v:1, k:fup@bhaskara, mode:EDIT
2026-05-05 22:46:58, EXEC, v:1, k:fup@bhaskara, mode:FULL, rate:71, size:22
2026-05-05 22:49:12, MOVE, v:1, k:fup@bhaskara, mode:EDIT
2026-05-05 22:46:58, MOVE, v:1, k:fup@bhaskara, mode:EDIT
2026-05-05 22:53:09, EXEC, v:1, k:fup@bhaskara, mode:FULL, rate:100, size:30
2026-05-05 22:53:24, MOVE, v:1, k:fup@bhaskara, mode:BACK
2026-05-05 22:53:17, MOVE, v:1, k:fup@bhaskara, mode:EDIT
2026-05-05 22:53:09, MOVE, v:1, k:fup@bhaskara, mode:EDIT
2026-05-05 22:55:32, MOVE, v:1, k:fup@apertada, mode:PICK
2026-05-05 22:55:35, EXEC, v:1, k:fup@apertada, mode:FULL, rate:0
2026-05-05 22:58:54, EXEC, v:1, k:fup@apertada, mode:FULL, rate:20, size:13
2026-05-05 22:59:07, EXEC, v:1, k:fup@apertada, mode:FULL, rate:100, size:13
2026-05-05 22:59:07, MOVE, v:1, k:fup@apertada, mode:EDIT
2026-05-05 22:59:06, MOVE, v:1, k:fup@apertada, mode:EDIT
2026-05-05 22:59:39, MOVE, v:1, k:fup@apertada, mode:BACK
2026-05-05 22:59:46, MOVE, v:1, k:fup@apertada, mode:PICK
2026-05-05 22:59:48, EXEC, v:1, k:fup@apertada, mode:FULL, rate:100
2026-05-05 23:03:39, EXEC, v:1, k:fup@apertada, mode:FULL, rate:100, size:17
2026-05-05 23:03:44, MOVE, v:1, k:fup@apertada, mode:BACK
2026-05-05 23:03:51, SELF, v:1, k:fup@apertada, self:1, rate:100
2026-05-05 23:03:39, MOVE, v:1, k:fup@apertada, mode:EDIT
2026-05-05 23:03:36, MOVE, v:1, k:fup@apertada, mode:EDIT
2026-05-05 23:04:34, MOVE, v:1, k:fup@dieta, mode:DOWN
2026-05-05 23:04:34, MOVE, v:1, k:fup@dieta, mode:PICK
2026-05-05 23:04:37, EXEC, v:1, k:fup@dieta, mode:FULL, rate:0, size:5
2026-05-05 23:05:04, MOVE, v:1, k:fup@dieta, mode:BACK
